395 Municipal Drive
3430 keswick dr.
7235 Raintree Dr.
1401 Arroyo Grande Dr
2607 swallowview drive
4749 CAMERON RANCH DRIVE