1818 Irongate Way
4389 Middlebury Way
2680 Crane Way
7005 LINDA SUE WAY
118 Heaton Way