18240 Latrobe rd.
3675 Bell Rd
10275 Old Placerville Rd.