1818 Irongate Way
4389 Middlebury Way
2680 Crane Way
7005 LINDA SUE WAY
118 Heaton Way
6000 Whisperlodge Way
7112 Linda Sue Way
1100 WOODWRIGHTWAY
5125 Kipp Way
7440 Stearman Way
5434 Edgerly Way
3907 Tricia Way
10272 Iron Rock Way
3108 KERRIA WAY
5309 Calistoga Way
1139 Harter Way
5700 East Brook Way
3957 Deer Run Way
2301 BARCELONA WAY
2208 PETRUCHIO WAY
652 Broadway
3849 Kroy Way