1390 craydon place
9252 Faraway Place
136 Skyview Place