208 Singer Lane
3212 CORNICHE LANE
810 Machado Lane
701 Doe Run ln
6485 Countrywoods Lane
201 oak tree lane