8915 VINCENT AVE
6725 Admiral Avenue
8011 Mariposa Avenue
1727 10th Avenue
4674 Pasadena Ave
1711 Blossome Ave
9552 Central Ave
5328 Palm Ave
3331 Seabright Ave
2415 ceanothus ave
419 University Ave
2939 Anza Ave
3705 Robertson Avenue