1825 St. Ann Ct
516 Hudson Ct
8071 Langdale Court
104 Pennell Ct
7252 Lillivale ct
6105 Wild Fox Ct
6005 Sun Pearl Court
109 COFFEE BERRY CT
1745 Portola Court
948 Quate Court
1104 Mill Estate Court
10624 Chianti Court
4708 Gatwick Court