426 Sussex Cir
161 Jarvis Cir
788 Morgans Ranch Circle
30 Parkshore Circle
441 Colonial Circle