2420 P st
7906 Ashmont Street
2125 Violet St
180 East Hemlock St
57 5th Street
8057 Sierra St